testing: warning: no tests to run
PASS
ok  	internal-transfer-system/tests/integration	0.487s [no tests to run]
